2026-09-12 23:15:10,540 INFO 파일 목록 수집: /mnt/data/text
2026-09-12 23:15:18,219 INFO 대상 330,618건, 워커 2개
2026-09-12 23:16:14,548 INFO   2,000/330,618 (0.6%) 36건/s ETA 154분  손상 65
2026-09-12 23:17:04,818 INFO   4,000/330,618 (1.2%) 38건/s ETA 145분  손상 84
2026-09-12 23:17:35,442 INFO   6,000/330,618 (1.8%) 44건/s ETA 124분  손상 85
2026-09-12 23:18:02,886 INFO   8,000/330,618 (2.4%) 49건/s ETA 111분  손상 85
2026-09-12 23:18:33,510 INFO   10,000/330,618 (3.0%) 51건/s ETA 104분  손상 90
2026-09-12 23:19:03,726 INFO   12,000/330,618 (3.6%) 53건/s ETA 100분  손상 91
2026-09-12 23:19:53,313 INFO   14,000/330,618 (4.2%) 51건/s ETA 104분  손상 117
2026-09-12 23:21:01,950 INFO   16,000/330,618 (4.8%) 47건/s ETA 113분  손상 152
2026-09-12 23:22:07,840 INFO   18,000/330,618 (5.4%) 44건/s ETA 119분  손상 243
2026-09-12 23:22:17,242 INFO   20,000/330,618 (6.0%) 48건/s ETA 108분  손상 285
2026-09-12 23:22:18,414 INFO   22,000/330,618 (6.7%) 52건/s ETA 98분  손상 347
2026-09-12 23:22:19,226 INFO   24,000/330,618 (7.3%) 57건/s ETA 90분  손상 378
2026-09-12 23:22:20,193 INFO   26,000/330,618 (7.9%) 62건/s ETA 82분  손상 395
2026-09-12 23:22:20,903 INFO   28,000/330,618 (8.5%) 66건/s ETA 76분  손상 401
2026-09-12 23:22:22,002 INFO   30,000/330,618 (9.1%) 71건/s ETA 71분  손상 439
2026-09-12 23:22:22,734 INFO   32,000/330,618 (9.7%) 75건/s ETA 66분  손상 475
2026-09-12 23:22:23,644 INFO   34,000/330,618 (10.3%) 80건/s ETA 62분  손상 475
2026-09-12 23:22:24,389 INFO   36,000/330,618 (10.9%) 84건/s ETA 58분  손상 477
2026-09-12 23:22:25,290 INFO   38,000/330,618 (11.5%) 89건/s ETA 55분  손상 553
2026-09-12 23:22:26,838 INFO   40,000/330,618 (12.1%) 93건/s ETA 52분  손상 706
2026-09-12 23:22:28,025 INFO   42,000/330,618 (12.7%) 98건/s ETA 49분  손상 901
2026-09-12 23:22:28,969 INFO   44,000/330,618 (13.3%) 102건/s ETA 47분  손상 916
2026-09-12 23:22:30,059 INFO   46,000/330,618 (13.9%) 107건/s ETA 45분  손상 945
2026-09-12 23:22:30,938 INFO   48,000/330,618 (14.5%) 111건/s ETA 42분  손상 1,149
2026-09-12 23:22:32,925 INFO   50,000/330,618 (15.1%) 115건/s ETA 41분  손상 1,280
2026-09-12 23:22:33,596 INFO   52,000/330,618 (15.7%) 119건/s ETA 39분  손상 1,280
2026-09-12 23:22:56,857 INFO   54,000/330,618 (16.3%) 118건/s ETA 39분  손상 1,350
2026-09-12 23:24:15,303 INFO   56,000/330,618 (16.9%) 104건/s ETA 44분  손상 1,390
2026-09-12 23:25:25,260 INFO   58,000/330,618 (17.5%) 96건/s ETA 48분  손상 1,394
2026-09-12 23:26:29,265 INFO   60,000/330,618 (18.1%) 89건/s ETA 50분  손상 1,400
2026-09-12 23:27:24,251 INFO   62,000/330,618 (18.8%) 85건/s ETA 52분  손상 1,413
2026-09-12 23:28:21,833 INFO   64,000/330,618 (19.4%) 82건/s ETA 54분  손상 1,415
2026-09-12 23:29:42,083 INFO   66,000/330,618 (20.0%) 76건/s ETA 58분  손상 1,423
2026-09-12 23:31:16,290 INFO   68,000/330,618 (20.6%) 71건/s ETA 62분  손상 1,424
2026-09-12 23:32:21,151 INFO   70,000/330,618 (21.2%) 68건/s ETA 63분  손상 1,456
2026-09-12 23:32:27,673 INFO   72,000/330,618 (21.8%) 70건/s ETA 62분  손상 1,600
2026-09-12 23:32:35,956 INFO   74,000/330,618 (22.4%) 71건/s ETA 60분  손상 2,168
2026-09-12 23:33:41,488 INFO   76,000/330,618 (23.0%) 69건/s ETA 62분  손상 2,181
2026-09-12 23:34:54,953 INFO   78,000/330,618 (23.6%) 66건/s ETA 64분  손상 2,196
2026-09-12 23:36:09,494 INFO   80,000/330,618 (24.2%) 64건/s ETA 65분  손상 2,226
2026-09-12 23:36:47,073 INFO   82,000/330,618 (24.8%) 64건/s ETA 65분  손상 2,270
2026-09-12 23:37:19,543 INFO   84,000/330,618 (25.4%) 64건/s ETA 65분  손상 2,274
2026-09-12 23:37:45,062 INFO   86,000/330,618 (26.0%) 64건/s ETA 64분  손상 2,294
2026-09-12 23:38:15,522 INFO   88,000/330,618 (26.6%) 64건/s ETA 63분  손상 2,304
2026-09-12 23:38:59,788 INFO   90,000/330,618 (27.2%) 63건/s ETA 63분  손상 2,324
2026-09-12 23:39:35,627 INFO   92,000/330,618 (27.8%) 63건/s ETA 63분  손상 2,328
2026-09-12 23:40:22,845 INFO   94,000/330,618 (28.4%) 62건/s ETA 63분  손상 2,338
2026-09-12 23:41:01,093 INFO   96,000/330,618 (29.0%) 62건/s ETA 63분  손상 2,343
2026-09-12 23:41:38,211 INFO   98,000/330,618 (29.6%) 62건/s ETA 63분  손상 2,350
2026-09-12 23:42:15,664 INFO   100,000/330,618 (30.2%) 62건/s ETA 62분  손상 2,363
2026-09-12 23:42:51,376 INFO   102,000/330,618 (30.9%) 62건/s ETA 62분  손상 2,373
2026-09-12 23:43:30,315 INFO   104,000/330,618 (31.5%) 61건/s ETA 61분  손상 2,386
2026-09-12 23:44:25,010 INFO   106,000/330,618 (32.1%) 61건/s ETA 62분  손상 2,398
2026-09-12 23:45:20,319 INFO   108,000/330,618 (32.7%) 60건/s ETA 62분  손상 2,406
2026-09-12 23:46:21,365 INFO   110,000/330,618 (33.3%) 59건/s ETA 62분  손상 2,410
2026-09-12 23:47:20,296 INFO   112,000/330,618 (33.9%) 58건/s ETA 63분  손상 2,412
2026-09-12 23:48:30,488 INFO   114,000/330,618 (34.5%) 57건/s ETA 63분  손상 2,416
2026-09-12 23:49:36,542 INFO   116,000/330,618 (35.1%) 56건/s ETA 63분  손상 2,418
2026-09-12 23:50:35,805 INFO   118,000/330,618 (35.7%) 56건/s ETA 64분  손상 2,419
2026-09-12 23:51:33,657 INFO   120,000/330,618 (36.3%) 55건/s ETA 64분  손상 2,420
2026-09-12 23:52:30,939 INFO   122,000/330,618 (36.9%) 55건/s ETA 64분  손상 2,423
2026-09-12 23:53:26,761 INFO   124,000/330,618 (37.5%) 54건/s ETA 64분  손상 2,428
2026-09-12 23:54:23,338 INFO   126,000/330,618 (38.1%) 54건/s ETA 63분  손상 2,459
2026-09-12 23:54:54,846 INFO   128,000/330,618 (38.7%) 54건/s ETA 63분  손상 2,474
2026-09-12 23:55:38,344 INFO   130,000/330,618 (39.3%) 54건/s ETA 62분  손상 2,522
2026-09-12 23:56:35,061 INFO   132,000/330,618 (39.9%) 53건/s ETA 62분  손상 2,591
2026-09-12 23:57:28,562 INFO   134,000/330,618 (40.5%) 53건/s ETA 62분  손상 2,609
2026-09-12 23:58:19,982 INFO   136,000/330,618 (41.1%) 53건/s ETA 62분  손상 2,637
2026-09-12 23:59:14,671 INFO   138,000/330,618 (41.7%) 52건/s ETA 61분  손상 2,661
2026-09-13 00:00:04,222 INFO   140,000/330,618 (42.3%) 52건/s ETA 61분  손상 2,684
2026-09-13 00:00:50,806 INFO   142,000/330,618 (42.9%) 52건/s ETA 60분  손상 2,715
2026-09-13 00:01:47,140 INFO   144,000/330,618 (43.6%) 52건/s ETA 60분  손상 2,742
2026-09-13 00:02:44,231 INFO   146,000/330,618 (44.2%) 51건/s ETA 60분  손상 2,764
2026-09-13 00:03:25,796 INFO   148,000/330,618 (44.8%) 51건/s ETA 59분  손상 2,791
2026-09-13 00:04:16,092 INFO   150,000/330,618 (45.4%) 51건/s ETA 59분  손상 2,802
2026-09-13 00:05:19,435 INFO   152,000/330,618 (46.0%) 51건/s ETA 59분  손상 2,810
2026-09-13 00:06:27,649 INFO   154,000/330,618 (46.6%) 50건/s ETA 59분  손상 2,817
2026-09-13 00:07:26,778 INFO   156,000/330,618 (47.2%) 50건/s ETA 58분  손상 2,831
2026-09-13 00:08:19,117 INFO   158,000/330,618 (47.8%) 50건/s ETA 58분  손상 2,851
2026-09-13 00:09:09,022 INFO   160,000/330,618 (48.4%) 50건/s ETA 57분  손상 2,859
2026-09-13 00:10:04,756 INFO   162,000/330,618 (49.0%) 49건/s ETA 57분  손상 2,884
2026-09-13 00:10:39,501 INFO   164,000/330,618 (49.6%) 49건/s ETA 56분  손상 2,887
2026-09-13 00:11:30,251 INFO   166,000/330,618 (50.2%) 49건/s ETA 56분  손상 2,903
2026-09-13 00:12:29,290 INFO   168,000/330,618 (50.8%) 49건/s ETA 55분  손상 2,916
2026-09-13 00:13:16,720 INFO   170,000/330,618 (51.4%) 49건/s ETA 55분  손상 2,929
2026-09-13 00:13:46,503 INFO   172,000/330,618 (52.0%) 49건/s ETA 54분  손상 2,942
2026-09-13 00:14:20,269 INFO   174,000/330,618 (52.6%) 49건/s ETA 53분  손상 2,960
2026-09-13 00:15:13,565 INFO   176,000/330,618 (53.2%) 49건/s ETA 53분  손상 2,973
2026-09-13 00:16:08,548 INFO   178,000/330,618 (53.8%) 49건/s ETA 52분  손상 2,981
2026-09-13 00:17:04,399 INFO   180,000/330,618 (54.4%) 49건/s ETA 52분  손상 3,003
2026-09-13 00:17:46,025 INFO   182,000/330,618 (55.0%) 49건/s ETA 51분  손상 3,008
2026-09-13 00:18:29,370 INFO   184,000/330,618 (55.7%) 49건/s ETA 50분  손상 3,015
2026-09-13 00:19:19,071 INFO   186,000/330,618 (56.3%) 48건/s ETA 50분  손상 3,036
2026-09-13 00:20:13,194 INFO   188,000/330,618 (56.9%) 48건/s ETA 49분  손상 3,049
2026-09-13 00:21:09,788 INFO   190,000/330,618 (57.5%) 48건/s ETA 49분  손상 3,060
2026-09-13 00:21:56,555 INFO   192,000/330,618 (58.1%) 48건/s ETA 48분  손상 3,075
2026-09-13 00:22:50,409 INFO   194,000/330,618 (58.7%) 48건/s ETA 48분  손상 3,088
2026-09-13 00:23:34,936 INFO   196,000/330,618 (59.3%) 48건/s ETA 47분  손상 3,099
2026-09-13 00:24:24,295 INFO   198,000/330,618 (59.9%) 48건/s ETA 46분  손상 3,106
2026-09-13 00:25:13,211 INFO   200,000/330,618 (60.5%) 48건/s ETA 46분  손상 3,117
2026-09-13 00:26:12,472 INFO   202,000/330,618 (61.1%) 47건/s ETA 45분  손상 3,130
2026-09-13 00:27:38,527 INFO   204,000/330,618 (61.7%) 47건/s ETA 45분  손상 3,131
2026-09-13 00:28:57,492 INFO   206,000/330,618 (62.3%) 47건/s ETA 45분  손상 3,132
2026-09-13 00:30:17,679 INFO   208,000/330,618 (62.9%) 46건/s ETA 44분  손상 3,132
2026-09-13 00:31:41,698 INFO   210,000/330,618 (63.5%) 46건/s ETA 44분  손상 3,137
2026-09-13 00:33:24,923 INFO   212,000/330,618 (64.1%) 45건/s ETA 44분  손상 3,138
2026-09-13 00:34:45,273 INFO   214,000/330,618 (64.7%) 45건/s ETA 43분  손상 3,150
2026-09-13 00:36:21,827 INFO   216,000/330,618 (65.3%) 44건/s ETA 43분  손상 3,153
2026-09-13 00:37:50,161 INFO   218,000/330,618 (65.9%) 44건/s ETA 43분  손상 3,154
2026-09-13 00:39:13,957 INFO   220,000/330,618 (66.5%) 44건/s ETA 42분  손상 3,154
2026-09-13 00:40:37,772 INFO   222,000/330,618 (67.1%) 43건/s ETA 42분  손상 3,154
2026-09-13 00:41:20,546 INFO   224,000/330,618 (67.8%) 43건/s ETA 41분  손상 3,278
2026-09-13 00:42:09,206 INFO   226,000/330,618 (68.4%) 43건/s ETA 40분  손상 3,992
2026-09-13 00:43:00,622 INFO   228,000/330,618 (69.0%) 43건/s ETA 39분  손상 4,011
2026-09-13 00:44:30,037 INFO   230,000/330,618 (69.6%) 43건/s ETA 39분  손상 4,017
2026-09-13 00:46:21,664 INFO   232,000/330,618 (70.2%) 42건/s ETA 39분  손상 4,035
2026-09-13 00:47:02,085 INFO   234,000/330,618 (70.8%) 43건/s ETA 38분  손상 4,044
2026-09-13 00:47:15,834 INFO   236,000/330,618 (71.4%) 43건/s ETA 37분  손상 4,078
2026-09-13 00:47:16,853 INFO   238,000/330,618 (72.0%) 43건/s ETA 36분  손상 4,078
2026-09-13 00:47:17,729 INFO   240,000/330,618 (72.6%) 43건/s ETA 35분  손상 4,110
2026-09-13 00:47:18,918 INFO   242,000/330,618 (73.2%) 44건/s ETA 34분  손상 4,110
2026-09-13 00:47:19,987 INFO   244,000/330,618 (73.8%) 44건/s ETA 33분  손상 4,110
2026-09-13 00:47:21,248 INFO   246,000/330,618 (74.4%) 45건/s ETA 32분  손상 4,110
2026-09-13 00:47:22,696 INFO   248,000/330,618 (75.0%) 45건/s ETA 31분  손상 4,142
2026-09-13 00:47:23,901 INFO   250,000/330,618 (75.6%) 45건/s ETA 30분  손상 4,143
2026-09-13 00:47:25,065 INFO   252,000/330,618 (76.2%) 46건/s ETA 29분  손상 4,203
2026-09-13 00:47:26,000 INFO   254,000/330,618 (76.8%) 46건/s ETA 28분  손상 4,259
2026-09-13 00:47:27,346 INFO   256,000/330,618 (77.4%) 46건/s ETA 27분  손상 4,352
2026-09-13 00:47:28,406 INFO   258,000/330,618 (78.0%) 47건/s ETA 26분  손상 4,467
2026-09-13 00:47:29,295 INFO   260,000/330,618 (78.6%) 47건/s ETA 25분  손상 4,467
2026-09-13 00:47:30,388 INFO   262,000/330,618 (79.2%) 47건/s ETA 24분  손상 4,467
2026-09-13 00:47:31,720 INFO   264,000/330,618 (79.9%) 48건/s ETA 23분  손상 4,472
2026-09-13 00:47:33,284 INFO   266,000/330,618 (80.5%) 48건/s ETA 22분  손상 4,472
2026-09-13 00:47:34,845 INFO   268,000/330,618 (81.1%) 48건/s ETA 22분  손상 4,476
2026-09-13 00:47:36,227 INFO   270,000/330,618 (81.7%) 49건/s ETA 21분  손상 4,476
2026-09-13 00:47:37,195 INFO   272,000/330,618 (82.3%) 49건/s ETA 20분  손상 4,537
2026-09-13 00:47:38,359 INFO   274,000/330,618 (82.9%) 49건/s ETA 19분  손상 4,537
2026-09-13 00:47:39,261 INFO   276,000/330,618 (83.5%) 50건/s ETA 18분  손상 4,543
2026-09-13 00:47:40,209 INFO   278,000/330,618 (84.1%) 50건/s ETA 17분  손상 4,567
2026-09-13 00:47:41,235 INFO   280,000/330,618 (84.7%) 51건/s ETA 17분  손상 4,568
2026-09-13 00:47:42,481 INFO   282,000/330,618 (85.3%) 51건/s ETA 16분  손상 4,603
2026-09-13 00:47:43,802 INFO   284,000/330,618 (85.9%) 51건/s ETA 15분  손상 4,603
2026-09-13 00:47:45,395 INFO   286,000/330,618 (86.5%) 52건/s ETA 14분  손상 4,604
2026-09-13 00:47:46,756 INFO   288,000/330,618 (87.1%) 52건/s ETA 14분  손상 4,638
2026-09-13 00:47:47,901 INFO   290,000/330,618 (87.7%) 52건/s ETA 13분  손상 4,679
2026-09-13 00:47:49,012 INFO   292,000/330,618 (88.3%) 53건/s ETA 12분  손상 4,750
2026-09-13 00:47:50,282 INFO   294,000/330,618 (88.9%) 53건/s ETA 12분  손상 4,763
2026-09-13 00:47:51,485 INFO   296,000/330,618 (89.5%) 53건/s ETA 11분  손상 4,763
2026-09-13 00:47:52,404 INFO   298,000/330,618 (90.1%) 54건/s ETA 10분  손상 4,763
2026-09-13 00:47:53,414 INFO   300,000/330,618 (90.7%) 54건/s ETA 9분  손상 4,763
2026-09-13 00:47:54,329 INFO   302,000/330,618 (91.3%) 54건/s ETA 9분  손상 4,763
2026-09-13 00:47:55,069 INFO   304,000/330,618 (91.9%) 55건/s ETA 8분  손상 4,763
2026-09-13 00:47:56,047 INFO   306,000/330,618 (92.6%) 55건/s ETA 7분  손상 4,763
2026-09-13 00:47:56,992 INFO   308,000/330,618 (93.2%) 55건/s ETA 7분  손상 4,763
2026-09-13 00:47:58,077 INFO   310,000/330,618 (93.8%) 56건/s ETA 6분  손상 4,763
2026-09-13 00:47:59,012 INFO   312,000/330,618 (94.4%) 56건/s ETA 6분  손상 4,763
2026-09-13 00:48:00,047 INFO   314,000/330,618 (95.0%) 56건/s ETA 5분  손상 4,763
2026-09-13 00:48:01,398 INFO   316,000/330,618 (95.6%) 57건/s ETA 4분  손상 4,763
2026-09-13 00:48:02,612 INFO   318,000/330,618 (96.2%) 57건/s ETA 4분  손상 4,764
2026-09-13 00:48:03,757 INFO   320,000/330,618 (96.8%) 57건/s ETA 3분  손상 4,764
2026-09-13 00:48:25,681 INFO   322,000/330,618 (97.4%) 58건/s ETA 2분  손상 4,767
2026-09-13 00:48:45,585 INFO   324,000/330,618 (98.0%) 58건/s ETA 2분  손상 4,771
2026-09-13 00:49:07,310 INFO   326,000/330,618 (98.6%) 58건/s ETA 1분  손상 4,773
2026-09-13 00:50:04,644 INFO   328,000/330,618 (99.2%) 58건/s ETA 1분  손상 4,775
2026-09-13 00:51:09,880 INFO   330,000/330,618 (99.8%) 57건/s ETA 0분  손상 4,786

검사 330,618건 / 96.1분  (임계값 likeness < 0.1)
  corrupted         4,786  (1.45%)
  clean           286,638  (86.70%)
  undetermined     28,736  (8.69%)
  unreadable       10,458  (3.16%)

손상이 있는 카테고리 49개
  카테고리                            손상      전체      비율
  2_소설Abe전집                    1,081  34,813    3.1%
  9_북스캔OCR                       713  86,387    0.8%
  3_판타지                          701  78,027    0.9%
  3_SF환상문학전집                     581   2,167   26.8%
  7_중문일반                         561     570   98.4%
  3_무협                           187  24,061    0.8%
  3_SF그리폰북스                      158   1,868    8.5%
  7_일문일반                         152     152  100.0%
  7_영문일반                         122   1,225   10.0%
  0_telegram                     110  16,161    0.7%
  1_동양고전한문                        74     103   71.8%
  2_소설역사                          53   1,453    3.6%
  0_nf                            51      56   91.1%
  9_BLGL                          32   4,486    0.7%
  2_소설한국                          23   3,754    0.6%
  3_여성향                           22  16,187    0.1%
  3_라이트노벨                         22   5,146    0.4%
  3_스릴러                           20   3,677    0.5%
  8_건강일반                          19   1,887    1.0%
  2_소설외국                          18   4,621    0.4%
  4_철학윤리                          11   1,053    1.0%
  9_성인                            10   5,759    0.2%
  3_그래픽노블                          9     656    1.4%
  1_동양고전                           8     501    1.6%
  9_유머                             6     289    2.1%
  4_역사인물                           5   2,283    0.2%
  3_SF                             4     970    0.4%
  2_소설일본                           3     876    0.3%
  8_성                              3     216    1.4%
  4_종교신화                           2   1,175    0.2%
  5_미술예술건축                         2     791    0.3%
  trash                            2     736    0.3%
  8_요리음료                           2     403    0.5%
  2_문학일반서평작법독서                     2     382    0.5%
  nf_decode_work                   2      70    2.9%
  9_격언명언                           2       7   28.6%
  6_처세술리더십창의성                      1   3,438    0.0%
  2_수필서간일기                         1   3,397    0.0%
  9_어린이육아                          1   1,832    0.1%
  4_경영마케팅                          1   1,719    0.1%

리포트: /home/terzeron/workspace/tm_dev/tmp/mojibake_report.json
