2026-09-13 01:00:33,988 INFO 파일 목록 수집: /mnt/data/text
2026-09-13 01:00:38,889 INFO 대상 330,570건, 워커 2개
2026-09-13 01:00:46,472 INFO   2,000/330,570 (0.6%) 264건/s ETA 21분  손상 42
2026-09-13 01:00:52,360 INFO   4,000/330,570 (1.2%) 297건/s ETA 18분  손상 47
2026-09-13 01:00:56,654 INFO   6,000/330,570 (1.8%) 338건/s ETA 16분  손상 48
2026-09-13 01:01:22,826 INFO   8,000/330,570 (2.4%) 182건/s ETA 30분  손상 48
2026-09-13 01:01:53,038 INFO   10,000/330,570 (3.0%) 135건/s ETA 40분  손상 53
2026-09-13 01:02:24,879 INFO   12,000/330,570 (3.6%) 113건/s ETA 47분  손상 54
2026-09-13 01:03:13,422 INFO   14,000/330,570 (4.2%) 91건/s ETA 58분  손상 61
2026-09-13 01:04:17,201 INFO   16,000/330,570 (4.8%) 73건/s ETA 72분  손상 75
2026-09-13 01:05:25,790 INFO   18,000/330,570 (5.4%) 63건/s ETA 83분  손상 79
2026-09-13 01:05:32,795 INFO   20,000/330,570 (6.1%) 68건/s ETA 76분  손상 79
2026-09-13 01:05:33,704 INFO   22,000/330,570 (6.7%) 75건/s ETA 69분  손상 79
2026-09-13 01:05:34,452 INFO   24,000/330,570 (7.3%) 81건/s ETA 63분  손상 79
2026-09-13 01:05:35,260 INFO   26,000/330,570 (7.9%) 88건/s ETA 58분  손상 79
2026-09-13 01:05:35,920 INFO   28,000/330,570 (8.5%) 94건/s ETA 53분  손상 79
2026-09-13 01:05:36,707 INFO   30,000/330,570 (9.1%) 101건/s ETA 50분  손상 79
2026-09-13 01:05:37,332 INFO   32,000/330,570 (9.7%) 107건/s ETA 46분  손상 79
2026-09-13 01:05:38,142 INFO   34,000/330,570 (10.3%) 114건/s ETA 44분  손상 79
2026-09-13 01:05:38,724 INFO   36,000/330,570 (10.9%) 120건/s ETA 41분  손상 79
2026-09-13 01:05:39,450 INFO   38,000/330,570 (11.5%) 126건/s ETA 39분  손상 79
2026-09-13 01:05:40,683 INFO   40,000/330,570 (12.1%) 133건/s ETA 37분  손상 79
2026-09-13 01:05:41,763 INFO   42,000/330,570 (12.7%) 139건/s ETA 35분  손상 86
2026-09-13 01:05:42,468 INFO   44,000/330,570 (13.3%) 145건/s ETA 33분  손상 86
2026-09-13 01:05:43,500 INFO   46,000/330,570 (13.9%) 151건/s ETA 31분  손상 86
2026-09-13 01:05:44,159 INFO   48,000/330,570 (14.5%) 157건/s ETA 30분  손상 86
2026-09-13 01:05:45,750 INFO   50,000/330,570 (15.1%) 163건/s ETA 29분  손상 86
2026-09-13 01:05:46,376 INFO   52,000/330,570 (15.7%) 169건/s ETA 27분  손상 86
2026-09-13 01:06:09,814 INFO   54,000/330,570 (16.3%) 163건/s ETA 28분  손상 110
2026-09-13 01:07:14,319 INFO   56,000/330,570 (16.9%) 142건/s ETA 32분  손상 141
2026-09-13 01:08:24,149 INFO   58,000/330,570 (17.5%) 125건/s ETA 36분  손상 142
2026-09-13 01:09:25,617 INFO   60,000/330,570 (18.2%) 114건/s ETA 40분  손상 143
2026-09-13 01:10:20,634 INFO   62,000/330,570 (18.8%) 107건/s ETA 42분  손상 143
2026-09-13 01:11:20,573 INFO   64,000/330,570 (19.4%) 100건/s ETA 45분  손상 143
2026-09-13 01:12:41,889 INFO   66,000/330,570 (20.0%) 91건/s ETA 48분  손상 143
2026-09-13 01:14:01,397 INFO   68,000/330,570 (20.6%) 85건/s ETA 52분  손상 143
2026-09-13 01:14:45,656 INFO   70,000/330,570 (21.2%) 83건/s ETA 53분  손상 147
2026-09-13 01:14:51,852 INFO   72,000/330,570 (21.8%) 84건/s ETA 51분  손상 148
2026-09-13 01:15:00,425 INFO   74,000/330,570 (22.4%) 86건/s ETA 50분  손상 154
2026-09-13 01:16:06,426 INFO   76,000/330,570 (23.0%) 82건/s ETA 52분  손상 154
2026-09-13 01:17:23,482 INFO   78,000/330,570 (23.6%) 78건/s ETA 54분  손상 154
2026-09-13 01:18:38,363 INFO   80,000/330,570 (24.2%) 74건/s ETA 56분  손상 154
2026-09-13 01:19:17,819 INFO   82,000/330,570 (24.8%) 73건/s ETA 57분  손상 156
2026-09-13 01:19:48,943 INFO   84,000/330,570 (25.4%) 73건/s ETA 56분  손상 158
2026-09-13 01:20:17,837 INFO   86,000/330,570 (26.0%) 73건/s ETA 56분  손상 161
2026-09-13 01:20:45,428 INFO   88,000/330,570 (26.6%) 73건/s ETA 55분  손상 162
2026-09-13 01:21:28,899 INFO   90,000/330,570 (27.2%) 72건/s ETA 56분  손상 164
2026-09-13 01:22:06,537 INFO   92,000/330,570 (27.8%) 71건/s ETA 56분  손상 165
2026-09-13 01:22:54,617 INFO   94,000/330,570 (28.4%) 70건/s ETA 56분  손상 166
2026-09-13 01:23:34,630 INFO   96,000/330,570 (29.0%) 70건/s ETA 56분  손상 167
2026-09-13 01:24:09,837 INFO   98,000/330,570 (29.6%) 69건/s ETA 56분  손상 167
2026-09-13 01:24:49,167 INFO   100,000/330,570 (30.3%) 69건/s ETA 56분  손상 170
2026-09-13 01:25:27,029 INFO   102,000/330,570 (30.9%) 69건/s ETA 56분  손상 170
2026-09-13 01:26:06,717 INFO   104,000/330,570 (31.5%) 68건/s ETA 55분  손상 171
2026-09-13 01:27:00,869 INFO   106,000/330,570 (32.1%) 67건/s ETA 56분  손상 175
2026-09-13 01:27:54,978 INFO   108,000/330,570 (32.7%) 66건/s ETA 56분  손상 175
2026-09-13 01:28:47,115 INFO   110,000/330,570 (33.3%) 65건/s ETA 56분  손상 178
2026-09-13 01:29:43,453 INFO   112,000/330,570 (33.9%) 64건/s ETA 57분  손상 179
2026-09-13 01:30:44,318 INFO   114,000/330,570 (34.5%) 63건/s ETA 57분  손상 181
2026-09-13 01:31:41,159 INFO   116,000/330,570 (35.1%) 62건/s ETA 57분  손상 181
2026-09-13 01:32:41,954 INFO   118,000/330,570 (35.7%) 61건/s ETA 58분  손상 181
2026-09-13 01:33:34,470 INFO   120,000/330,570 (36.3%) 61건/s ETA 58분  손상 181
2026-09-13 01:34:32,222 INFO   122,000/330,570 (36.9%) 60건/s ETA 58분  손상 181
2026-09-13 01:35:29,247 INFO   124,000/330,570 (37.5%) 59건/s ETA 58분  손상 183
2026-09-13 01:36:21,648 INFO   126,000/330,570 (38.1%) 59건/s ETA 58분  손상 188
2026-09-13 01:36:51,108 INFO   128,000/330,570 (38.7%) 59건/s ETA 57분  손상 189
2026-09-13 01:37:35,849 INFO   130,000/330,570 (39.3%) 59건/s ETA 57분  손상 190
2026-09-13 01:38:31,288 INFO   132,000/330,570 (39.9%) 58건/s ETA 57분  손상 197
2026-09-13 01:39:23,167 INFO   134,000/330,570 (40.5%) 58건/s ETA 57분  손상 197
2026-09-13 01:40:14,974 INFO   136,000/330,570 (41.1%) 57건/s ETA 57분  손상 197
2026-09-13 01:41:10,980 INFO   138,000/330,570 (41.7%) 57건/s ETA 57분  손상 198
2026-09-13 01:43:14,386 INFO   140,000/330,570 (42.4%) 55건/s ETA 58분  손상 200
2026-09-13 01:45:21,496 INFO   142,000/330,570 (43.0%) 53건/s ETA 59분  손상 201
2026-09-13 01:46:18,172 INFO   144,000/330,570 (43.6%) 53건/s ETA 59분  손상 204
2026-09-13 01:47:14,858 INFO   146,000/330,570 (44.2%) 52건/s ETA 59분  손상 207
2026-09-13 01:47:56,002 INFO   148,000/330,570 (44.8%) 52건/s ETA 58분  손상 210
2026-09-13 01:48:45,742 INFO   150,000/330,570 (45.4%) 52건/s ETA 58분  손상 213
2026-09-13 01:49:42,837 INFO   152,000/330,570 (46.0%) 52건/s ETA 58분  손상 221
2026-09-13 01:50:40,364 INFO   154,000/330,570 (46.6%) 51건/s ETA 57분  손상 225
2026-09-13 01:51:34,413 INFO   156,000/330,570 (47.2%) 51건/s ETA 57분  손상 231
2026-09-13 01:52:20,333 INFO   158,000/330,570 (47.8%) 51건/s ETA 56분  손상 234
2026-09-13 01:53:01,844 INFO   160,000/330,570 (48.4%) 51건/s ETA 56분  손상 236
2026-09-13 01:53:45,345 INFO   162,000/330,570 (49.0%) 51건/s ETA 55분  손상 236
2026-09-13 01:54:22,801 INFO   164,000/330,570 (49.6%) 51건/s ETA 55분  손상 237
2026-09-13 01:55:11,093 INFO   166,000/330,570 (50.2%) 51건/s ETA 54분  손상 238
2026-09-13 01:56:11,501 INFO   168,000/330,570 (50.8%) 50건/s ETA 54분  손상 241
2026-09-13 01:56:57,845 INFO   170,000/330,570 (51.4%) 50건/s ETA 53분  손상 244
2026-09-13 01:57:28,621 INFO   172,000/330,570 (52.0%) 50건/s ETA 52분  손상 246
2026-09-13 01:58:01,559 INFO   174,000/330,570 (52.6%) 51건/s ETA 52분  손상 252
2026-09-13 01:58:50,383 INFO   176,000/330,570 (53.2%) 50건/s ETA 51분  손상 253
2026-09-13 01:59:40,227 INFO   178,000/330,570 (53.8%) 50건/s ETA 51분  손상 258
2026-09-13 02:00:34,420 INFO   180,000/330,570 (54.5%) 50건/s ETA 50분  손상 258
2026-09-13 02:01:16,174 INFO   182,000/330,570 (55.1%) 50건/s ETA 49분  손상 258
2026-09-13 02:01:59,207 INFO   184,000/330,570 (55.7%) 50건/s ETA 49분  손상 258
2026-09-13 02:02:48,506 INFO   186,000/330,570 (56.3%) 50건/s ETA 48분  손상 258
2026-09-13 02:03:39,306 INFO   188,000/330,570 (56.9%) 50건/s ETA 48분  손상 261
2026-09-13 02:04:31,754 INFO   190,000/330,570 (57.5%) 50건/s ETA 47분  손상 265
2026-09-13 02:05:16,952 INFO   192,000/330,570 (58.1%) 50건/s ETA 47분  손상 269
2026-09-13 02:06:05,674 INFO   194,000/330,570 (58.7%) 49건/s ETA 46분  손상 271
2026-09-13 02:06:47,616 INFO   196,000/330,570 (59.3%) 49건/s ETA 45분  손상 272
2026-09-13 02:07:34,767 INFO   198,000/330,570 (59.9%) 49건/s ETA 45분  손상 276
2026-09-13 02:08:22,242 INFO   200,000/330,570 (60.5%) 49건/s ETA 44분  손상 282
2026-09-13 02:09:15,019 INFO   202,000/330,570 (61.1%) 49건/s ETA 44분  손상 286
2026-09-13 02:10:44,047 INFO   204,000/330,570 (61.7%) 49건/s ETA 43분  손상 287
2026-09-13 02:12:01,759 INFO   206,000/330,570 (62.3%) 48건/s ETA 43분  손상 287
2026-09-13 02:13:19,841 INFO   208,000/330,570 (62.9%) 48건/s ETA 43분  손상 287
2026-09-13 02:14:41,744 INFO   210,000/330,570 (63.5%) 47건/s ETA 43분  손상 287
2026-09-13 02:16:03,250 INFO   212,000/330,570 (64.1%) 47건/s ETA 42분  손상 287
2026-09-13 02:17:14,867 INFO   214,000/330,570 (64.7%) 47건/s ETA 42분  손상 294
2026-09-13 02:18:45,931 INFO   216,000/330,570 (65.3%) 46건/s ETA 41분  손상 295
2026-09-13 02:20:11,663 INFO   218,000/330,570 (65.9%) 46건/s ETA 41분  손상 295
2026-09-13 02:21:35,895 INFO   220,000/330,570 (66.6%) 45건/s ETA 41분  손상 295
2026-09-13 02:22:58,063 INFO   222,000/330,570 (67.2%) 45건/s ETA 40분  손상 295
2026-09-13 02:23:43,015 INFO   224,000/330,570 (67.8%) 45건/s ETA 40분  손상 295
2026-09-13 02:24:33,948 INFO   226,000/330,570 (68.4%) 45건/s ETA 39분  손상 295
2026-09-13 02:25:29,056 INFO   228,000/330,570 (69.0%) 45건/s ETA 38분  손상 314
2026-09-13 02:27:07,415 INFO   230,000/330,570 (69.6%) 44건/s ETA 38분  손상 319
2026-09-13 02:27:48,250 INFO   232,000/330,570 (70.2%) 44건/s ETA 37분  손상 335
2026-09-13 02:28:28,366 INFO   234,000/330,570 (70.8%) 44건/s ETA 36분  손상 344
2026-09-13 02:28:42,283 INFO   236,000/330,570 (71.4%) 45건/s ETA 35분  손상 351
2026-09-13 02:28:43,780 INFO   238,000/330,570 (72.0%) 45건/s ETA 34분  손상 351
2026-09-13 02:28:45,040 INFO   240,000/330,570 (72.6%) 45건/s ETA 33분  손상 351
2026-09-13 02:28:47,147 INFO   242,000/330,570 (73.2%) 46건/s ETA 32분  손상 351
2026-09-13 02:28:48,429 INFO   244,000/330,570 (73.8%) 46건/s ETA 31분  손상 351
2026-09-13 02:28:49,828 INFO   246,000/330,570 (74.4%) 46건/s ETA 30분  손상 351
2026-09-13 02:28:51,359 INFO   248,000/330,570 (75.0%) 47건/s ETA 29분  손상 351
2026-09-13 02:28:52,936 INFO   250,000/330,570 (75.6%) 47건/s ETA 28분  손상 351
2026-09-13 02:28:54,017 INFO   252,000/330,570 (76.2%) 48건/s ETA 28분  손상 351
2026-09-13 02:28:55,060 INFO   254,000/330,570 (76.8%) 48건/s ETA 27분  손상 352
2026-09-13 02:28:57,069 INFO   256,000/330,570 (77.4%) 48건/s ETA 26분  손상 352
2026-09-13 02:28:58,213 INFO   258,000/330,570 (78.0%) 49건/s ETA 25분  손상 352
2026-09-13 02:28:59,206 INFO   260,000/330,570 (78.7%) 49건/s ETA 24분  손상 352
2026-09-13 02:29:00,469 INFO   262,000/330,570 (79.3%) 49건/s ETA 23분  손상 352
2026-09-13 02:29:01,657 INFO   264,000/330,570 (79.9%) 50건/s ETA 22분  손상 352
2026-09-13 02:29:03,596 INFO   266,000/330,570 (80.5%) 50건/s ETA 21분  손상 352
2026-09-13 02:29:04,998 INFO   268,000/330,570 (81.1%) 51건/s ETA 21분  손상 352
2026-09-13 02:29:06,591 INFO   270,000/330,570 (81.7%) 51건/s ETA 20분  손상 352
2026-09-13 02:29:07,786 INFO   272,000/330,570 (82.3%) 51건/s ETA 19분  손상 352
2026-09-13 02:29:09,220 INFO   274,000/330,570 (82.9%) 52건/s ETA 18분  손상 352
2026-09-13 02:29:10,478 INFO   276,000/330,570 (83.5%) 52건/s ETA 18분  손상 352
2026-09-13 02:29:11,597 INFO   278,000/330,570 (84.1%) 52건/s ETA 17분  손상 352
2026-09-13 02:29:12,922 INFO   280,000/330,570 (84.7%) 53건/s ETA 16분  손상 352
2026-09-13 02:29:14,110 INFO   282,000/330,570 (85.3%) 53건/s ETA 15분  손상 352
2026-09-13 02:29:15,590 INFO   284,000/330,570 (85.9%) 53건/s ETA 15분  손상 352
2026-09-13 02:29:17,138 INFO   286,000/330,570 (86.5%) 54건/s ETA 14분  손상 352
2026-09-13 02:29:18,700 INFO   288,000/330,570 (87.1%) 54건/s ETA 13분  손상 352
2026-09-13 02:29:19,976 INFO   290,000/330,570 (87.7%) 55건/s ETA 12분  손상 352
2026-09-13 02:29:21,248 INFO   292,000/330,570 (88.3%) 55건/s ETA 12분  손상 352
2026-09-13 02:29:22,770 INFO   294,000/330,570 (88.9%) 55건/s ETA 11분  손상 352
2026-09-13 02:29:24,248 INFO   296,000/330,570 (89.5%) 56건/s ETA 10분  손상 352
2026-09-13 02:29:25,296 INFO   298,000/330,570 (90.1%) 56건/s ETA 10분  손상 352
2026-09-13 02:29:26,571 INFO   300,000/330,570 (90.8%) 56건/s ETA 9분  손상 352
2026-09-13 02:29:27,543 INFO   302,000/330,570 (91.4%) 57건/s ETA 8분  손상 352
2026-09-13 02:29:28,427 INFO   304,000/330,570 (92.0%) 57건/s ETA 8분  손상 352
2026-09-13 02:29:29,505 INFO   306,000/330,570 (92.6%) 57건/s ETA 7분  손상 352
2026-09-13 02:29:30,638 INFO   308,000/330,570 (93.2%) 58건/s ETA 7분  손상 352
2026-09-13 02:29:31,905 INFO   310,000/330,570 (93.8%) 58건/s ETA 6분  손상 352
2026-09-13 02:29:32,948 INFO   312,000/330,570 (94.4%) 58건/s ETA 5분  손상 352
2026-09-13 02:29:34,419 INFO   314,000/330,570 (95.0%) 59건/s ETA 5분  손상 352
2026-09-13 02:29:36,023 INFO   316,000/330,570 (95.6%) 59건/s ETA 4분  손상 352
2026-09-13 02:29:37,410 INFO   318,000/330,570 (96.2%) 60건/s ETA 4분  손상 352
2026-09-13 02:29:38,791 INFO   320,000/330,570 (96.8%) 60건/s ETA 3분  손상 352
2026-09-13 02:30:01,172 INFO   322,000/330,570 (97.4%) 60건/s ETA 2분  손상 352
2026-09-13 02:30:23,654 INFO   324,000/330,570 (98.0%) 60건/s ETA 2분  손상 352
2026-09-13 02:30:46,729 INFO   326,000/330,570 (98.6%) 60건/s ETA 1분  손상 352
2026-09-13 02:31:49,825 INFO   328,000/330,570 (99.2%) 60건/s ETA 1분  손상 352
2026-09-13 02:32:56,944 INFO   330,000/330,570 (99.8%) 60건/s ETA 0분  손상 359

검사 330,570건 / 92.5분  (임계값 likeness < 0.1)
  corrupted           359  (0.11%)
  clean           286,869  (86.78%)
  undetermined     32,893  (9.95%)
  unreadable       10,449  (3.16%)

손상이 있는 카테고리 23개
  카테고리                            손상      전체      비율
  3_판타지                          103  78,027    0.1%
  2_소설역사                          53   1,453    3.6%
  0_nf                            41      56   73.2%
  0_telegram                      36  16,161    0.2%
  9_BLGL                          30   4,486    0.7%
  8_건강일반                          19   1,887    1.0%
  3_무협                            17  24,061    0.1%
  3_여성향                            8  16,187    0.0%
  4_철학윤리                           8   1,053    0.8%
  2_소설Abe전집                        7  34,813    0.0%
  3_그래픽노블                          6     656    0.9%
  9_유머                             6     289    2.1%
  2_소설외국                           4   4,621    0.1%
  3_스릴러                            4   3,677    0.1%
  3_SF                             4     970    0.4%
  8_성                              3     216    1.4%
  1_동양고전                           2     501    0.4%
  8_요리음료                           2     403    0.5%
  9_격언명언                           2       7   28.6%
  9_북스캔OCR                         1  86,387    0.0%
  3_SF환상문학전집                       1   2,167    0.0%
  3_장르문학자료                         1     116    0.9%
  nf_decode_work                   1      70    1.4%

리포트: /home/terzeron/workspace/tm_dev/tmp/mojibake_report.json
