2026-09-12 21:10:13,889 INFO [1/88] 1_동양고전: 수집 시작
2026-09-12 21:10:46,531 INFO 1_동양고전: 문서 237건(손상 제외 1건), 고유단어 86374개, 32.1초 -> 1_동양고전.json.gz
2026-09-12 21:10:46,536 INFO [2/88] 1_동양고전한문: 수집 시작
2026-09-12 21:10:48,589 INFO 1_동양고전한문: 문서 53건(손상 제외 29건), 고유단어 80024개, 1.3초 -> 1_동양고전한문.json.gz
2026-09-12 21:10:48,593 INFO [3/88] 1_문헌서지: 수집 시작
2026-09-12 21:10:48,593 INFO 1_문헌서지: 파일 0건 < 최소 1건, 건너뜀
2026-09-12 21:10:48,593 INFO [4/88] 1_서양고전: 수집 시작
2026-09-12 21:11:19,703 INFO 1_서양고전: 문서 225건(손상 제외 0건), 고유단어 46968개, 30.4초 -> 1_서양고전.json.gz
2026-09-12 21:11:19,709 INFO [5/88] 1_올재: 수집 시작
2026-09-12 21:11:19,711 INFO 1_올재: 파일 0건 < 최소 1건, 건너뜀
2026-09-12 21:11:19,712 INFO [6/88] 1_한국고전국역총서: 수집 시작
2026-09-12 21:11:19,712 INFO 1_한국고전국역총서: 파일 0건 < 최소 1건, 건너뜀
2026-09-12 21:11:19,712 INFO [7/88] 2_동서문화사월드북: 수집 시작
2026-09-12 21:11:31,881 INFO 2_동서문화사월드북: 문서 87건(손상 제외 0건), 고유단어 33616개, 11.9초 -> 2_동서문화사월드북.json.gz
2026-09-12 21:11:31,885 INFO [8/88] 2_문예세계문학선: 수집 시작
2026-09-12 21:12:03,811 INFO 2_문예세계문학선: 문서 209건(손상 제외 0건), 고유단어 21766개, 31.6초 -> 2_문예세계문학선.json.gz
2026-09-12 21:12:03,814 INFO [9/88] 2_문학일반서평작법독서: 수집 시작
2026-09-12 21:12:39,700 INFO 2_문학일반서평작법독서: 문서 240건(손상 제외 0건), 고유단어 59108개, 35.1초 -> 2_문학일반서평작법독서.json.gz
2026-09-12 21:12:39,706 INFO [10/88] 2_소설Abe전집: 수집 시작
2026-09-12 21:12:43,864 INFO 2_소설Abe전집: 문서 211건(손상 제외 1건), 고유단어 13037개, 3.2초 -> 2_소설Abe전집.json.gz
2026-09-12 21:12:43,897 INFO [11/88] 2_소설역사: 수집 시작
2026-09-12 21:13:17,724 INFO 2_소설역사: 문서 236건(손상 제외 4건), 고유단어 50665개, 33.1초 -> 2_소설역사.json.gz
2026-09-12 21:13:17,731 INFO [12/88] 2_소설외국: 수집 시작
2026-09-12 21:13:52,310 INFO 2_소설외국: 문서 240건(손상 제외 0건), 고유단어 50950개, 33.9초 -> 2_소설외국.json.gz
2026-09-12 21:13:52,318 INFO [13/88] 2_소설일본: 수집 시작
2026-09-12 21:14:28,071 INFO 2_소설일본: 문서 239건(손상 제외 0건), 고유단어 41605개, 35.3초 -> 2_소설일본.json.gz
2026-09-12 21:14:28,075 INFO [14/88] 2_소설일본게이고: 수집 시작
2026-09-12 21:14:45,529 INFO 2_소설일본게이고: 문서 105건(손상 제외 0건), 고유단어 15354개, 17.2초 -> 2_소설일본게이고.json.gz
2026-09-12 21:14:45,532 INFO [15/88] 2_소설일본하루키: 수집 시작
2026-09-12 21:15:01,959 INFO 2_소설일본하루키: 문서 240건(손상 제외 0건), 고유단어 17129개, 16.2초 -> 2_소설일본하루키.json.gz
2026-09-12 21:15:01,960 INFO [16/88] 2_소설중국: 수집 시작
2026-09-12 21:15:35,597 INFO 2_소설중국: 문서 221건(손상 제외 0건), 고유단어 44191개, 33.0초 -> 2_소설중국.json.gz
2026-09-12 21:15:35,601 INFO [17/88] 2_소설한국: 수집 시작
2026-09-12 21:16:10,257 INFO 2_소설한국: 문서 239건(손상 제외 0건), 고유단어 49651개, 34.0초 -> 2_소설한국.json.gz
2026-09-12 21:16:10,264 INFO [18/88] 2_수필서간일기: 수집 시작
2026-09-12 21:16:45,652 INFO 2_수필서간일기: 문서 237건(손상 제외 0건), 고유단어 50612개, 34.6초 -> 2_수필서간일기.json.gz
2026-09-12 21:16:45,658 INFO [19/88] 2_시: 수집 시작
2026-09-12 21:17:01,562 INFO 2_시: 문서 228건(손상 제외 0건), 고유단어 32809개, 15.5초 -> 2_시.json.gz
2026-09-12 21:17:01,564 INFO [20/88] 2_열린책들세계문학: 수집 시작
2026-09-12 21:17:09,380 INFO 2_열린책들세계문학: 문서 52건(손상 제외 0건), 고유단어 16084개, 7.5초 -> 2_열린책들세계문학.json.gz
2026-09-12 21:17:09,383 INFO [21/88] 2_을유세계문학전집: 수집 시작
2026-09-12 21:17:26,344 INFO 2_을유세계문학전집: 문서 114건(손상 제외 0건), 고유단어 36818개, 16.3초 -> 2_을유세계문학전집.json.gz
2026-09-12 21:17:26,347 INFO [22/88] 3_SF: 수집 시작
2026-09-12 21:17:59,251 INFO 3_SF: 문서 240건(손상 제외 0건), 고유단어 44046개, 32.2초 -> 3_SF.json.gz
2026-09-12 21:17:59,256 INFO [23/88] 3_SF그리폰북스: 수집 시작
2026-09-12 21:18:06,232 INFO 3_SF그리폰북스: 문서 208건(손상 제외 0건), 고유단어 30966개, 6.6초 -> 3_SF그리폰북스.json.gz
2026-09-12 21:18:06,235 INFO [24/88] 3_SF영문: 수집 시작
2026-09-12 21:18:07,236 INFO 3_SF영문: 문서 24건(손상 제외 0건), 고유단어 21260개, 0.9초 -> 3_SF영문.json.gz
2026-09-12 21:18:07,237 INFO [25/88] 3_SF직지: 수집 시작
2026-09-12 21:18:08,039 INFO 3_SF직지: 문서 6건(손상 제외 0건), 고유단어 3612개, 0.8초 -> 3_SF직지.json.gz
2026-09-12 21:18:08,040 INFO [26/88] 3_SF환상문학전집: 수집 시작
2026-09-12 21:18:16,893 INFO 3_SF환상문학전집: 문서 219건(손상 제외 0건), 고유단어 40508개, 8.2초 -> 3_SF환상문학전집.json.gz
2026-09-12 21:18:16,897 INFO [27/88] 3_그래픽노블: 수집 시작
2026-09-12 21:18:50,182 INFO 3_그래픽노블: 문서 231건(손상 제외 0건), 고유단어 43538개, 32.6초 -> 3_그래픽노블.json.gz
2026-09-12 21:18:50,186 INFO [28/88] 3_라이트노벨: 수집 시작
2026-09-12 21:19:24,716 INFO 3_라이트노벨: 문서 240건(손상 제외 0건), 고유단어 39217개, 33.9초 -> 3_라이트노벨.json.gz
2026-09-12 21:19:24,724 INFO [29/88] 3_무협: 수집 시작
2026-09-12 21:19:59,845 INFO 3_무협: 문서 240건(손상 제외 0건), 고유단어 45747개, 34.0초 -> 3_무협.json.gz
2026-09-12 21:19:59,877 INFO [30/88] 3_셜록홈즈: 수집 시작
2026-09-12 21:20:24,082 INFO 3_셜록홈즈: 문서 240건(손상 제외 0건), 고유단어 19181개, 24.0초 -> 3_셜록홈즈.json.gz
2026-09-12 21:20:24,084 INFO [31/88] 3_스릴러: 수집 시작
2026-09-12 21:20:57,023 INFO 3_스릴러: 문서 240건(손상 제외 0건), 고유단어 45901개, 32.3초 -> 3_스릴러.json.gz
2026-09-12 21:20:57,031 INFO [32/88] 3_여성향: 수집 시작
2026-09-12 21:21:31,921 INFO 3_여성향: 문서 240건(손상 제외 0건), 고유단어 35781개, 34.0초 -> 3_여성향.json.gz
2026-09-12 21:21:31,940 INFO [33/88] 3_장르문학자료: 수집 시작
2026-09-12 21:21:36,633 INFO 3_장르문학자료: 문서 90건(손상 제외 3건), 고유단어 13546개, 4.6초 -> 3_장르문학자료.json.gz
2026-09-12 21:21:36,633 INFO [34/88] 3_판타지: 수집 시작
2026-09-12 21:22:08,651 INFO 3_판타지: 문서 240건(손상 제외 0건), 고유단어 42060개, 30.4초 -> 3_판타지.json.gz
2026-09-12 21:22:08,772 INFO [35/88] 3_판타지pdf: 수집 시작
2026-09-12 21:22:08,775 INFO 3_판타지pdf: 파일 0건 < 최소 1건, 건너뜀
2026-09-12 21:22:08,775 INFO [36/88] 4_경영마케팅: 수집 시작
2026-09-12 21:22:43,007 INFO 4_경영마케팅: 문서 240건(손상 제외 0건), 고유단어 67930개, 33.3초 -> 4_경영마케팅.json.gz
2026-09-12 21:22:43,014 INFO [37/88] 4_경제: 수집 시작
2026-09-12 21:23:14,815 INFO 4_경제: 문서 240건(손상 제외 0건), 고유단어 63808개, 31.0초 -> 4_경제.json.gz
2026-09-12 21:23:14,821 INFO [38/88] 4_누워서읽는법학: 수집 시작
2026-09-12 21:23:14,822 INFO 4_누워서읽는법학: 파일 0건 < 최소 1건, 건너뜀
2026-09-12 21:23:14,822 INFO [39/88] 4_법: 수집 시작
2026-09-12 21:23:29,753 INFO 4_법: 문서 123건(손상 제외 0건), 고유단어 37249개, 14.4초 -> 4_법.json.gz
2026-09-12 21:23:29,755 INFO [40/88] 4_사회인류: 수집 시작
2026-09-12 21:24:02,594 INFO 4_사회인류: 문서 240건(손상 제외 0건), 고유단어 75341개, 31.7초 -> 4_사회인류.json.gz
2026-09-12 21:24:02,599 INFO [41/88] 4_살림지식총서: 수집 시작
2026-09-12 21:24:17,381 INFO 4_살림지식총서: 문서 111건(손상 제외 0건), 고유단어 48588개, 14.2초 -> 4_살림지식총서.json.gz
2026-09-12 21:24:17,384 INFO [42/88] 4_시공디스커버리: 수집 시작
2026-09-12 21:24:29,287 INFO 4_시공디스커버리: 문서 104건(손상 제외 0건), 고유단어 31594개, 11.7초 -> 4_시공디스커버리.json.gz
2026-09-12 21:24:29,289 INFO [43/88] 4_심리학뇌과학: 수집 시작
2026-09-12 21:25:01,235 INFO 4_심리학뇌과학: 문서 238건(손상 제외 0건), 고유단어 50576개, 31.5초 -> 4_심리학뇌과학.json.gz
2026-09-12 21:25:01,239 INFO [44/88] 4_역사인물: 수집 시작
2026-09-12 21:25:34,432 INFO 4_역사인물: 문서 240건(손상 제외 0건), 고유단어 89360개, 32.1초 -> 4_역사인물.json.gz
2026-09-12 21:25:34,439 INFO [45/88] 4_인문일반논픽션: 수집 시작
2026-09-12 21:26:07,748 INFO 4_인문일반논픽션: 문서 240건(손상 제외 0건), 고유단어 74218개, 32.4초 -> 4_인문일반논픽션.json.gz
2026-09-12 21:26:07,755 INFO [46/88] 4_정치외교군사: 수집 시작
2026-09-12 21:26:37,636 INFO 4_정치외교군사: 문서 239건(손상 제외 1건), 고유단어 64497개, 29.0초 -> 4_정치외교군사.json.gz
2026-09-12 21:26:37,641 INFO [47/88] 4_종교신화: 수집 시작
2026-09-12 21:27:08,938 INFO 4_종교신화: 문서 238건(손상 제외 0건), 고유단어 60183개, 30.4초 -> 4_종교신화.json.gz
2026-09-12 21:27:08,943 INFO [48/88] 4_철학윤리: 수집 시작
2026-09-12 21:27:42,251 INFO 4_철학윤리: 문서 235건(손상 제외 5건), 고유단어 55387개, 32.5초 -> 4_철학윤리.json.gz
2026-09-12 21:27:42,257 INFO [49/88] 5_그림으로_읽는: 수집 시작
2026-09-12 21:27:42,258 INFO 5_그림으로_읽는: 파일 0건 < 최소 1건, 건너뜀
2026-09-12 21:27:42,258 INFO [50/88] 5_미술예술건축: 수집 시작
2026-09-12 21:28:15,806 INFO 5_미술예술건축: 문서 237건(손상 제외 1건), 고유단어 70090개, 32.7초 -> 5_미술예술건축.json.gz
2026-09-12 21:28:15,811 INFO [51/88] 5_사진영상: 수집 시작
2026-09-12 21:28:19,384 INFO 5_사진영상: 문서 26건(손상 제외 0건), 고유단어 17193개, 3.3초 -> 5_사진영상.json.gz
2026-09-12 21:28:19,385 INFO [52/88] 5_서브컬쳐: 수집 시작
2026-09-12 21:28:20,518 INFO 5_서브컬쳐: 문서 8건(손상 제외 0건), 고유단어 5500개, 1.1초 -> 5_서브컬쳐.json.gz
2026-09-12 21:28:20,519 INFO [53/88] 5_수학과학일반: 수집 시작
2026-09-12 21:28:54,418 INFO 5_수학과학일반: 문서 239건(손상 제외 0건), 고유단어 69214개, 33.0초 -> 5_수학과학일반.json.gz
2026-09-12 21:28:54,423 INFO [54/88] 5_스포츠: 수집 시작
2026-09-12 21:29:02,133 INFO 5_스포츠: 문서 51건(손상 제외 0건), 고유단어 18353개, 7.5초 -> 5_스포츠.json.gz
2026-09-12 21:29:02,134 INFO [55/88] 5_영화: 수집 시작
2026-09-12 21:29:19,583 INFO 5_영화: 문서 127건(손상 제외 0건), 고유단어 38383개, 17.0초 -> 5_영화.json.gz
2026-09-12 21:29:19,586 INFO [56/88] 5_음악: 수집 시작
2026-09-12 21:29:45,062 INFO 5_음악: 문서 207건(손상 제외 0건), 고유단어 50781개, 24.8초 -> 5_음악.json.gz
2026-09-12 21:29:45,065 INFO [57/88] 5_이지사이언스: 수집 시작
2026-09-12 21:29:47,204 INFO 5_이지사이언스: 문서 15건(손상 제외 0건), 고유단어 10249개, 2.0초 -> 5_이지사이언스.json.gz
2026-09-12 21:29:47,204 INFO [58/88] 6_재테크: 수집 시작
2026-09-12 21:30:22,356 INFO 6_재테크: 문서 240건(손상 제외 0건), 고유단어 50335개, 34.5초 -> 6_재테크.json.gz
2026-09-12 21:30:22,362 INFO [59/88] 6_처세술리더십창의성: 수집 시작
2026-09-12 21:30:57,347 INFO 6_처세술리더십창의성: 문서 240건(손상 제외 0건), 고유단어 49647개, 34.2초 -> 6_처세술리더십창의성.json.gz
2026-09-12 21:30:57,354 INFO [60/88] 7_교육일반: 수집 시작
2026-09-12 21:31:29,449 INFO 7_교육일반: 문서 240건(손상 제외 0건), 고유단어 53058개, 31.4초 -> 7_교육일반.json.gz
2026-09-12 21:31:29,451 INFO [61/88] 7_국어교육: 수집 시작
2026-09-12 21:31:43,751 INFO 7_국어교육: 문서 105건(손상 제외 1건), 고유단어 36552개, 13.9초 -> 7_국어교육.json.gz
2026-09-12 21:31:43,753 INFO [62/88] 7_언어일반: 수집 시작
2026-09-12 21:31:44,653 INFO 7_언어일반: 문서 7건(손상 제외 0건), 고유단어 3271개, 0.9초 -> 7_언어일반.json.gz
2026-09-12 21:31:44,653 INFO [63/88] 7_영문일반: 수집 시작
2026-09-12 21:31:50,297 INFO 7_영문일반: 문서 238건(손상 제외 1건), 고유단어 41771개, 5.1초 -> 7_영문일반.json.gz
2026-09-12 21:31:50,300 INFO [64/88] 7_영어교육: 수집 시작
2026-09-12 21:32:17,186 INFO 7_영어교육: 문서 240건(손상 제외 0건), 고유단어 47053개, 26.2초 -> 7_영어교육.json.gz
2026-09-12 21:32:17,190 INFO [65/88] 7_외국어교육: 수집 시작
2026-09-12 21:32:26,598 INFO 7_외국어교육: 문서 122건(손상 제외 0건), 고유단어 83061개, 8.2초 -> 7_외국어교육.json.gz
2026-09-12 21:32:26,603 INFO [66/88] 7_외국인을위한한국어읽기: 수집 시작
2026-09-12 21:32:38,314 INFO 7_외국인을위한한국어읽기: 문서 60건(손상 제외 0건), 고유단어 6282개, 11.6초 -> 7_외국인을위한한국어읽기.json.gz
2026-09-12 21:32:38,315 INFO [67/88] 7_일문일반: 수집 시작
2026-09-12 21:32:43,335 INFO 7_일문일반: 본문 추출 성공 0건 < 최소 1건, 건너뜀
2026-09-12 21:32:43,335 INFO [68/88] 7_일어교육: 수집 시작
2026-09-12 21:32:46,055 INFO 7_일어교육: 문서 19건(손상 제외 0건), 고유단어 9092개, 2.6초 -> 7_일어교육.json.gz
2026-09-12 21:32:46,056 INFO [69/88] 7_중문일반: 수집 시작
2026-09-12 21:32:55,679 INFO 7_중문일반: 문서 3건(손상 제외 237건), 고유단어 6771개, 9.5초 -> 7_중문일반.json.gz
2026-09-12 21:32:55,680 INFO [70/88] 7_중어한자교육: 수집 시작
2026-09-12 21:33:00,258 INFO 7_중어한자교육: 문서 38건(손상 제외 0건), 고유단어 23414개, 4.3초 -> 7_중어한자교육.json.gz
2026-09-12 21:33:00,260 INFO [71/88] 8_IT: 수집 시작
2026-09-12 21:33:20,960 INFO 8_IT: 문서 240건(손상 제외 0건), 고유단어 44418개, 20.3초 -> 8_IT.json.gz
2026-09-12 21:33:20,963 INFO [72/88] 8_건강일반: 수집 시작
2026-09-12 21:33:45,688 INFO 8_건강일반: 문서 236건(손상 제외 4건), 고유단어 59242개, 24.1초 -> 8_건강일반.json.gz
2026-09-12 21:33:45,693 INFO [73/88] 8_공인중개사: 수집 시작
2026-09-12 21:33:45,695 INFO 8_공인중개사: 파일 0건 < 최소 1건, 건너뜀
2026-09-12 21:33:45,695 INFO [74/88] 8_모델링: 수집 시작
2026-09-12 21:33:47,979 INFO 8_모델링: 문서 40건(손상 제외 0건), 고유단어 18367개, 2.0초 -> 8_모델링.json.gz
2026-09-12 21:33:47,980 INFO [75/88] 8_밀리터리: 수집 시작
2026-09-12 21:33:53,212 INFO 8_밀리터리: 문서 115건(손상 제외 0건), 고유단어 32216개, 4.7초 -> 8_밀리터리.json.gz
2026-09-12 21:33:53,215 INFO [76/88] 8_성: 수집 시작
2026-09-12 21:34:00,921 INFO 8_성: 문서 171건(손상 제외 2건), 고유단어 18799개, 7.4초 -> 8_성.json.gz
2026-09-12 21:34:00,922 INFO [77/88] 8_실용의학회계: 수집 시작
2026-09-12 21:34:22,667 INFO 8_실용의학회계: 문서 160건(손상 제외 0건), 고유단어 42760개, 21.2초 -> 8_실용의학회계.json.gz
2026-09-12 21:34:22,670 INFO [78/88] 8_악보: 수집 시작
2026-09-12 21:34:29,385 INFO 8_악보: 문서 238건(손상 제외 0건), 고유단어 23883개, 6.4초 -> 8_악보.json.gz
2026-09-12 21:34:29,386 INFO [79/88] 8_여행: 수집 시작
2026-09-12 21:34:55,919 INFO 8_여행: 문서 233건(손상 제외 2건), 고유단어 65095개, 25.6초 -> 8_여행.json.gz
2026-09-12 21:34:55,925 INFO [80/88] 8_요리음료: 수집 시작
2026-09-12 21:35:17,870 INFO 8_요리음료: 문서 238건(손상 제외 2건), 고유단어 61950개, 21.6초 -> 8_요리음료.json.gz
2026-09-12 21:35:17,873 INFO [81/88] 9_BLGL: 수집 시작
2026-09-12 21:35:36,647 INFO 9_BLGL: 문서 237건(손상 제외 3건), 고유단어 33491개, 18.5초 -> 9_BLGL.json.gz
2026-09-12 21:35:36,652 INFO [82/88] 9_격언명언: 수집 시작
2026-09-12 21:35:37,058 INFO 9_격언명언: 문서 4건(손상 제외 2건), 고유단어 2963개, 0.4초 -> 9_격언명언.json.gz
2026-09-12 21:35:37,059 INFO [83/88] 9_북스캔OCR: 수집 시작
2026-09-12 21:35:40,606 INFO 9_북스캔OCR: 문서 224건(손상 제외 0건), 고유단어 12561개, 2.1초 -> 9_북스캔OCR.json.gz
2026-09-12 21:35:40,687 INFO [84/88] 9_성인: 수집 시작
2026-09-12 21:35:57,554 INFO 9_성인: 문서 240건(손상 제외 0건), 고유단어 28756개, 16.5초 -> 9_성인.json.gz
2026-09-12 21:35:57,559 INFO [85/88] 9_어린이육아: 수집 시작
2026-09-12 21:36:16,901 INFO 9_어린이육아: 문서 239건(손상 제외 0건), 고유단어 42770개, 19.1초 -> 9_어린이육아.json.gz
2026-09-12 21:36:16,904 INFO [86/88] 9_역학해몽퍼즐: 수집 시작
2026-09-12 21:36:21,599 INFO 9_역학해몽퍼즐: 문서 69건(손상 제외 0건), 고유단어 22340개, 4.6초 -> 9_역학해몽퍼즐.json.gz
2026-09-12 21:36:21,600 INFO [87/88] 9_유머: 수집 시작
2026-09-12 21:36:27,824 INFO 9_유머: 문서 227건(손상 제외 5건), 고유단어 23227개, 6.1초 -> 9_유머.json.gz
2026-09-12 21:36:27,825 INFO [88/88] 9_청소년: 수집 시작
2026-09-12 21:36:55,437 INFO 9_청소년: 문서 240건(손상 제외 0건), 고유단어 50440개, 27.1초 -> 9_청소년.json.gz
2026-09-12 21:36:55,440 INFO 수집 완료: 80개 카테고리
