2026-09-13 10:14:04,949 INFO [1/88] 1_동양고전: 수집 시작
2026-09-13 10:14:44,889 INFO 1_동양고전: 문서 240건(손상 제외 0건), 고유단어 88463개, 38.8초 -> 1_동양고전.json.gz
2026-09-13 10:14:44,898 INFO [2/88] 1_동양고전한문: 수집 시작
2026-09-13 10:14:47,867 INFO 1_동양고전한문: 문서 81건(손상 제외 0건), 고유단어 98621개, 1.8초 -> 1_동양고전한문.json.gz
2026-09-13 10:14:47,872 INFO [3/88] 1_문헌서지: 수집 시작
2026-09-13 10:14:47,888 INFO 1_문헌서지: 파일 0건 < 최소 1건, 건너뜀
2026-09-13 10:14:47,888 INFO [4/88] 1_서양고전: 수집 시작
2026-09-13 10:15:24,010 INFO 1_서양고전: 문서 225건(손상 제외 0건), 고유단어 41356개, 35.7초 -> 1_서양고전.json.gz
2026-09-13 10:15:24,014 INFO [5/88] 1_올재: 수집 시작
2026-09-13 10:15:24,016 INFO 1_올재: 파일 0건 < 최소 1건, 건너뜀
2026-09-13 10:15:24,016 INFO [6/88] 1_한국고전국역총서: 수집 시작
2026-09-13 10:15:24,016 INFO 1_한국고전국역총서: 파일 0건 < 최소 1건, 건너뜀
2026-09-13 10:15:24,016 INFO [7/88] 2_동서문화사월드북: 수집 시작
2026-09-13 10:15:37,525 INFO 2_동서문화사월드북: 문서 87건(손상 제외 0건), 고유단어 27550개, 13.2초 -> 2_동서문화사월드북.json.gz
2026-09-13 10:15:37,528 INFO [8/88] 2_문예세계문학선: 수집 시작
2026-09-13 10:16:12,629 INFO 2_문예세계문학선: 문서 209건(손상 제외 0건), 고유단어 22812개, 34.8초 -> 2_문예세계문학선.json.gz
2026-09-13 10:16:12,633 INFO [9/88] 2_문학일반서평작법독서: 수집 시작
2026-09-13 10:16:56,015 INFO 2_문학일반서평작법독서: 문서 240건(손상 제외 0건), 고유단어 55072개, 42.5초 -> 2_문학일반서평작법독서.json.gz
2026-09-13 10:16:56,019 INFO [10/88] 2_소설Abe전집: 수집 시작
2026-09-13 10:17:04,416 INFO 2_소설Abe전집: 문서 213건(손상 제외 0건), 고유단어 12614개, 3.8초 -> 2_소설Abe전집.json.gz
2026-09-13 10:17:04,451 INFO [11/88] 2_소설역사: 수집 시작
2026-09-13 10:17:41,699 INFO 2_소설역사: 문서 240건(손상 제외 0건), 고유단어 51670개, 36.7초 -> 2_소설역사.json.gz
2026-09-13 10:17:41,704 INFO [12/88] 2_소설외국: 수집 시작
2026-09-13 10:18:19,885 INFO 2_소설외국: 문서 240건(손상 제외 0건), 고유단어 48229개, 37.0초 -> 2_소설외국.json.gz
2026-09-13 10:18:19,896 INFO [13/88] 2_소설일본: 수집 시작
2026-09-13 10:18:58,601 INFO 2_소설일본: 문서 239건(손상 제외 0건), 고유단어 39885개, 38.2초 -> 2_소설일본.json.gz
2026-09-13 10:18:58,606 INFO [14/88] 2_소설일본게이고: 수집 시작
2026-09-13 10:19:18,000 INFO 2_소설일본게이고: 문서 105건(손상 제외 0건), 고유단어 14550개, 19.2초 -> 2_소설일본게이고.json.gz
2026-09-13 10:19:18,002 INFO [15/88] 2_소설일본하루키: 수집 시작
2026-09-13 10:19:36,195 INFO 2_소설일본하루키: 문서 240건(손상 제외 0건), 고유단어 17108개, 17.9초 -> 2_소설일본하루키.json.gz
2026-09-13 10:19:36,198 INFO [16/88] 2_소설중국: 수집 시작
2026-09-13 10:20:14,785 INFO 2_소설중국: 문서 221건(손상 제외 0건), 고유단어 42641개, 37.9초 -> 2_소설중국.json.gz
2026-09-13 10:20:14,791 INFO [17/88] 2_소설한국: 수집 시작
2026-09-13 10:20:45,586 INFO 2_소설한국: 문서 239건(손상 제외 0건), 고유단어 48810개, 30.1초 -> 2_소설한국.json.gz
2026-09-13 10:20:45,592 INFO [18/88] 2_수필서간일기: 수집 시작
2026-09-13 10:21:29,428 INFO 2_수필서간일기: 문서 237건(손상 제외 0건), 고유단어 48215개, 43.4초 -> 2_수필서간일기.json.gz
2026-09-13 10:21:29,435 INFO [19/88] 2_시: 수집 시작
2026-09-13 10:21:47,077 INFO 2_시: 문서 227건(손상 제외 0건), 고유단어 32536개, 17.2초 -> 2_시.json.gz
2026-09-13 10:21:47,080 INFO [20/88] 2_열린책들세계문학: 수집 시작
2026-09-13 10:21:55,961 INFO 2_열린책들세계문학: 문서 52건(손상 제외 0건), 고유단어 15276개, 8.8초 -> 2_열린책들세계문학.json.gz
2026-09-13 10:21:55,962 INFO [21/88] 2_을유세계문학전집: 수집 시작
2026-09-13 10:22:12,604 INFO 2_을유세계문학전집: 문서 114건(손상 제외 0건), 고유단어 32833개, 16.5초 -> 2_을유세계문학전집.json.gz
2026-09-13 10:22:12,606 INFO [22/88] 3_SF: 수집 시작
2026-09-13 10:22:42,772 INFO 3_SF: 문서 240건(손상 제외 0건), 고유단어 40642개, 29.9초 -> 3_SF.json.gz
2026-09-13 10:22:42,776 INFO [23/88] 3_SF그리폰북스: 수집 시작
2026-09-13 10:22:48,055 INFO 3_SF그리폰북스: 문서 208건(손상 제외 0건), 고유단어 29503개, 4.6초 -> 3_SF그리폰북스.json.gz
2026-09-13 10:22:48,058 INFO [24/88] 3_SF영문: 수집 시작
2026-09-13 10:22:49,903 INFO 3_SF영문: 문서 24건(손상 제외 0건), 고유단어 20621개, 1.7초 -> 3_SF영문.json.gz
2026-09-13 10:22:49,904 INFO [25/88] 3_SF직지: 수집 시작
2026-09-13 10:22:51,023 INFO 3_SF직지: 문서 6건(손상 제외 0건), 고유단어 3590개, 1.1초 -> 3_SF직지.json.gz
2026-09-13 10:22:51,023 INFO [26/88] 3_SF환상문학전집: 수집 시작
2026-09-13 10:22:59,338 INFO 3_SF환상문학전집: 문서 226건(손상 제외 0건), 고유단어 38132개, 7.5초 -> 3_SF환상문학전집.json.gz
2026-09-13 10:22:59,340 INFO [27/88] 3_그래픽노블: 수집 시작
2026-09-13 10:23:31,137 INFO 3_그래픽노블: 문서 228건(손상 제외 0건), 고유단어 39859개, 31.4초 -> 3_그래픽노블.json.gz
2026-09-13 10:23:31,140 INFO [28/88] 3_라이트노벨: 수집 시작
2026-09-13 10:24:06,059 INFO 3_라이트노벨: 문서 240건(손상 제외 0건), 고유단어 38388개, 34.1초 -> 3_라이트노벨.json.gz
2026-09-13 10:24:06,066 INFO [29/88] 3_무협: 수집 시작
2026-09-13 10:24:36,691 INFO 3_무협: 문서 240건(손상 제외 0건), 고유단어 44778개, 29.2초 -> 3_무협.json.gz
2026-09-13 10:24:36,714 INFO [30/88] 3_셜록홈즈: 수집 시작
2026-09-13 10:24:58,094 INFO 3_셜록홈즈: 문서 240건(손상 제외 0건), 고유단어 18859개, 21.2초 -> 3_셜록홈즈.json.gz
2026-09-13 10:24:58,096 INFO [31/88] 3_스릴러: 수집 시작
2026-09-13 10:25:26,789 INFO 3_스릴러: 문서 240건(손상 제외 0건), 고유단어 42251개, 28.3초 -> 3_스릴러.json.gz
2026-09-13 10:25:26,795 INFO [32/88] 3_여성향: 수집 시작
2026-09-13 10:25:56,136 INFO 3_여성향: 문서 239건(손상 제외 0건), 고유단어 34619개, 28.7초 -> 3_여성향.json.gz
2026-09-13 10:25:56,153 INFO [33/88] 3_장르문학자료: 수집 시작
2026-09-13 10:25:59,864 INFO 3_장르문학자료: 문서 92건(손상 제외 0건), 고유단어 14678개, 3.6초 -> 3_장르문학자료.json.gz
2026-09-13 10:25:59,865 INFO [34/88] 3_판타지: 수집 시작
2026-09-13 10:26:27,175 INFO 3_판타지: 문서 240건(손상 제외 0건), 고유단어 42302개, 25.4초 -> 3_판타지.json.gz
2026-09-13 10:26:27,266 INFO [35/88] 3_판타지pdf: 수집 시작
2026-09-13 10:26:27,268 INFO 3_판타지pdf: 파일 0건 < 최소 1건, 건너뜀
2026-09-13 10:26:27,268 INFO [36/88] 4_경영마케팅: 수집 시작
2026-09-13 10:27:00,789 INFO 4_경영마케팅: 문서 240건(손상 제외 0건), 고유단어 61269개, 33.2초 -> 4_경영마케팅.json.gz
2026-09-13 10:27:00,793 INFO [37/88] 4_경제: 수집 시작
2026-09-13 10:27:33,026 INFO 4_경제: 문서 240건(손상 제외 0건), 고유단어 60743개, 31.9초 -> 4_경제.json.gz
2026-09-13 10:27:33,029 INFO [38/88] 4_누워서읽는법학: 수집 시작
2026-09-13 10:27:33,074 INFO 4_누워서읽는법학: 파일 0건 < 최소 1건, 건너뜀
2026-09-13 10:27:33,074 INFO [39/88] 4_법: 수집 시작
2026-09-13 10:27:47,109 INFO 4_법: 문서 123건(손상 제외 0건), 고유단어 35522개, 13.6초 -> 4_법.json.gz
2026-09-13 10:27:47,112 INFO [40/88] 4_사회인류: 수집 시작
2026-09-13 10:28:30,089 INFO 4_사회인류: 문서 240건(손상 제외 0건), 고유단어 69568개, 42.1초 -> 4_사회인류.json.gz
2026-09-13 10:28:30,096 INFO [41/88] 4_살림지식총서: 수집 시작
2026-09-13 10:28:47,048 INFO 4_살림지식총서: 문서 111건(손상 제외 0건), 고유단어 50275개, 16.4초 -> 4_살림지식총서.json.gz
2026-09-13 10:28:47,053 INFO [42/88] 4_시공디스커버리: 수집 시작
2026-09-13 10:29:02,056 INFO 4_시공디스커버리: 문서 104건(손상 제외 0건), 고유단어 35902개, 14.5초 -> 4_시공디스커버리.json.gz
2026-09-13 10:29:02,059 INFO [43/88] 4_심리학뇌과학: 수집 시작
2026-09-13 10:29:40,375 INFO 4_심리학뇌과학: 문서 238건(손상 제외 0건), 고유단어 44738개, 37.8초 -> 4_심리학뇌과학.json.gz
2026-09-13 10:29:40,380 INFO [44/88] 4_역사인물: 수집 시작
2026-09-13 10:30:15,284 INFO 4_역사인물: 문서 240건(손상 제외 0건), 고유단어 85244개, 34.3초 -> 4_역사인물.json.gz
2026-09-13 10:30:15,290 INFO [45/88] 4_인문일반논픽션: 수집 시작
2026-09-13 10:30:46,033 INFO 4_인문일반논픽션: 문서 240건(손상 제외 0건), 고유단어 68298개, 30.3초 -> 4_인문일반논픽션.json.gz
2026-09-13 10:30:46,037 INFO [46/88] 4_정치외교군사: 수집 시작
2026-09-13 10:31:10,494 INFO 4_정치외교군사: 문서 240건(손상 제외 0건), 고유단어 60502개, 24.1초 -> 4_정치외교군사.json.gz
2026-09-13 10:31:10,497 INFO [47/88] 4_종교신화: 수집 시작
2026-09-13 10:31:36,323 INFO 4_종교신화: 문서 238건(손상 제외 0건), 고유단어 58953개, 25.5초 -> 4_종교신화.json.gz
2026-09-13 10:31:36,327 INFO [48/88] 4_철학윤리: 수집 시작
2026-09-13 10:32:04,928 INFO 4_철학윤리: 문서 240건(손상 제외 0건), 고유단어 54568개, 28.3초 -> 4_철학윤리.json.gz
2026-09-13 10:32:04,932 INFO [49/88] 5_그림으로_읽는: 수집 시작
2026-09-13 10:32:04,944 INFO 5_그림으로_읽는: 파일 0건 < 최소 1건, 건너뜀
2026-09-13 10:32:04,945 INFO [50/88] 5_미술예술건축: 수집 시작
2026-09-13 10:32:34,400 INFO 5_미술예술건축: 문서 238건(손상 제외 0건), 고유단어 68035개, 29.1초 -> 5_미술예술건축.json.gz
2026-09-13 10:32:34,403 INFO [51/88] 5_사진영상: 수집 시작
2026-09-13 10:32:37,165 INFO 5_사진영상: 문서 26건(손상 제외 0건), 고유단어 16481개, 2.7초 -> 5_사진영상.json.gz
2026-09-13 10:32:37,166 INFO [52/88] 5_서브컬쳐: 수집 시작
2026-09-13 10:32:38,291 INFO 5_서브컬쳐: 문서 8건(손상 제외 0건), 고유단어 5507개, 1.1초 -> 5_서브컬쳐.json.gz
2026-09-13 10:32:38,292 INFO [53/88] 5_수학과학일반: 수집 시작
2026-09-13 10:33:09,957 INFO 5_수학과학일반: 문서 239건(손상 제외 0건), 고유단어 63759개, 31.3초 -> 5_수학과학일반.json.gz
2026-09-13 10:33:09,961 INFO [54/88] 5_스포츠: 수집 시작
2026-09-13 10:33:16,065 INFO 5_스포츠: 문서 51건(손상 제외 0건), 고유단어 18141개, 6.0초 -> 5_스포츠.json.gz
2026-09-13 10:33:16,066 INFO [55/88] 5_영화: 수집 시작
2026-09-13 10:33:30,961 INFO 5_영화: 문서 127건(손상 제외 0건), 고유단어 35275개, 14.7초 -> 5_영화.json.gz
2026-09-13 10:33:30,963 INFO [56/88] 5_음악: 수집 시작
2026-09-13 10:33:51,505 INFO 5_음악: 문서 207건(손상 제외 0건), 고유단어 50241개, 20.3초 -> 5_음악.json.gz
2026-09-13 10:33:51,507 INFO [57/88] 5_이지사이언스: 수집 시작
2026-09-13 10:33:53,645 INFO 5_이지사이언스: 문서 15건(손상 제외 0건), 고유단어 10454개, 2.1초 -> 5_이지사이언스.json.gz
2026-09-13 10:33:53,645 INFO [58/88] 6_재테크: 수집 시작
2026-09-13 10:34:27,535 INFO 6_재테크: 문서 240건(손상 제외 0건), 고유단어 47286개, 33.6초 -> 6_재테크.json.gz
2026-09-13 10:34:27,539 INFO [59/88] 6_처세술리더십창의성: 수집 시작
2026-09-13 10:35:01,555 INFO 6_처세술리더십창의성: 문서 240건(손상 제외 0건), 고유단어 47212개, 33.7초 -> 6_처세술리더십창의성.json.gz
2026-09-13 10:35:01,561 INFO [60/88] 7_교육일반: 수집 시작
2026-09-13 10:35:28,787 INFO 7_교육일반: 문서 240건(손상 제외 0건), 고유단어 47883개, 26.9초 -> 7_교육일반.json.gz
2026-09-13 10:35:28,789 INFO [61/88] 7_국어교육: 수집 시작
2026-09-13 10:35:40,166 INFO 7_국어교육: 문서 106건(손상 제외 0건), 고유단어 37869개, 11.2초 -> 7_국어교육.json.gz
2026-09-13 10:35:40,168 INFO [62/88] 7_언어일반: 수집 시작
2026-09-13 10:35:40,900 INFO 7_언어일반: 문서 7건(손상 제외 0건), 고유단어 3065개, 0.7초 -> 7_언어일반.json.gz
2026-09-13 10:35:40,901 INFO [63/88] 7_영문일반: 수집 시작
2026-09-13 10:35:45,403 INFO 7_영문일반: 문서 239건(손상 제외 0건), 고유단어 41674개, 4.3초 -> 7_영문일반.json.gz
2026-09-13 10:35:45,405 INFO [64/88] 7_영어교육: 수집 시작
2026-09-13 10:36:12,310 INFO 7_영어교육: 문서 240건(손상 제외 0건), 고유단어 45192개, 26.6초 -> 7_영어교육.json.gz
2026-09-13 10:36:12,312 INFO [65/88] 7_외국어교육: 수집 시작
2026-09-13 10:36:21,044 INFO 7_외국어교육: 문서 122건(손상 제외 0건), 고유단어 82462개, 8.2초 -> 7_외국어교육.json.gz
2026-09-13 10:36:21,048 INFO [66/88] 7_외국인을위한한국어읽기: 수집 시작
2026-09-13 10:36:31,840 INFO 7_외국인을위한한국어읽기: 문서 60건(손상 제외 0건), 고유단어 6268개, 10.8초 -> 7_외국인을위한한국어읽기.json.gz
2026-09-13 10:36:31,840 INFO [67/88] 7_일문일반: 수집 시작
2026-09-13 10:36:33,778 INFO 7_일문일반: 문서 122건(손상 제외 0건), 고유단어 18347개, 1.8초 -> 7_일문일반.json.gz
2026-09-13 10:36:33,778 INFO [68/88] 7_일어교육: 수집 시작
2026-09-13 10:36:36,264 INFO 7_일어교육: 문서 19건(손상 제외 0건), 고유단어 9067개, 2.4초 -> 7_일어교육.json.gz
2026-09-13 10:36:36,264 INFO [69/88] 7_중문일반: 수집 시작
2026-09-13 10:36:42,799 INFO 7_중문일반: 문서 240건(손상 제외 0건), 고유단어 497818개, 3.9초 -> 7_중문일반.json.gz
2026-09-13 10:36:42,822 INFO [70/88] 7_중어한자교육: 수집 시작
2026-09-13 10:36:47,650 INFO 7_중어한자교육: 문서 38건(손상 제외 0건), 고유단어 24408개, 4.7초 -> 7_중어한자교육.json.gz
2026-09-13 10:36:47,651 INFO [71/88] 8_IT: 수집 시작
2026-09-13 10:37:07,297 INFO 8_IT: 문서 240건(손상 제외 0건), 고유단어 42757개, 19.4초 -> 8_IT.json.gz
2026-09-13 10:37:07,299 INFO [72/88] 8_건강일반: 수집 시작
2026-09-13 10:37:34,476 INFO 8_건강일반: 문서 240건(손상 제외 0건), 고유단어 61749개, 26.8초 -> 8_건강일반.json.gz
2026-09-13 10:37:34,480 INFO [73/88] 8_공인중개사: 수집 시작
2026-09-13 10:37:34,498 INFO 8_공인중개사: 파일 0건 < 최소 1건, 건너뜀
2026-09-13 10:37:34,498 INFO [74/88] 8_모델링: 수집 시작
2026-09-13 10:37:36,499 INFO 8_모델링: 문서 40건(손상 제외 0건), 고유단어 17553개, 1.9초 -> 8_모델링.json.gz
2026-09-13 10:37:36,499 INFO [75/88] 8_밀리터리: 수집 시작
2026-09-13 10:37:42,303 INFO 8_밀리터리: 문서 115건(손상 제외 0건), 고유단어 29121개, 5.6초 -> 8_밀리터리.json.gz
2026-09-13 10:37:42,304 INFO [76/88] 8_성: 수집 시작
2026-09-13 10:37:48,099 INFO 8_성: 문서 171건(손상 제외 0건), 고유단어 18754개, 5.7초 -> 8_성.json.gz
2026-09-13 10:37:48,099 INFO [77/88] 8_실용의학회계: 수집 시작
2026-09-13 10:38:11,640 INFO 8_실용의학회계: 문서 160건(손상 제외 0건), 고유단어 40838개, 23.3초 -> 8_실용의학회계.json.gz
2026-09-13 10:38:11,642 INFO [78/88] 8_악보: 수집 시작
2026-09-13 10:38:20,563 INFO 8_악보: 문서 238건(손상 제외 0건), 고유단어 23107개, 8.7초 -> 8_악보.json.gz
2026-09-13 10:38:20,565 INFO [79/88] 8_여행: 수집 시작
2026-09-13 10:38:46,495 INFO 8_여행: 문서 235건(손상 제외 0건), 고유단어 65071개, 25.5초 -> 8_여행.json.gz
2026-09-13 10:38:46,498 INFO [80/88] 8_요리음료: 수집 시작
2026-09-13 10:39:14,602 INFO 8_요리음료: 문서 240건(손상 제외 0건), 고유단어 59440개, 27.8초 -> 8_요리음료.json.gz
2026-09-13 10:39:14,604 INFO [81/88] 9_BLGL: 수집 시작
2026-09-13 10:39:38,928 INFO 9_BLGL: 문서 240건(손상 제외 0건), 고유단어 34933개, 24.0초 -> 9_BLGL.json.gz
2026-09-13 10:39:38,933 INFO [82/88] 9_격언명언: 수집 시작
2026-09-13 10:39:39,378 INFO 9_격언명언: 문서 4건(손상 제외 0건), 고유단어 2963개, 0.4초 -> 9_격언명언.json.gz
2026-09-13 10:39:39,378 INFO [83/88] 9_북스캔OCR: 수집 시작
2026-09-13 10:39:44,591 INFO 9_북스캔OCR: 문서 224건(손상 제외 0건), 고유단어 12759개, 3.2초 -> 9_북스캔OCR.json.gz
2026-09-13 10:39:44,646 INFO [84/88] 9_성인: 수집 시작
2026-09-13 10:40:02,890 INFO 9_성인: 문서 240건(손상 제외 0건), 고유단어 28718개, 18.0초 -> 9_성인.json.gz
2026-09-13 10:40:02,895 INFO [85/88] 9_어린이육아: 수집 시작
2026-09-13 10:40:34,277 INFO 9_어린이육아: 문서 239건(손상 제외 0건), 고유단어 39390개, 31.1초 -> 9_어린이육아.json.gz
2026-09-13 10:40:34,280 INFO [86/88] 9_역학해몽퍼즐: 수집 시작
2026-09-13 10:40:41,325 INFO 9_역학해몽퍼즐: 문서 69건(손상 제외 0건), 고유단어 22057개, 6.9초 -> 9_역학해몽퍼즐.json.gz
2026-09-13 10:40:41,326 INFO [87/88] 9_유머: 수집 시작
2026-09-13 10:40:48,365 INFO 9_유머: 문서 227건(손상 제외 0건), 고유단어 23773개, 6.9초 -> 9_유머.json.gz
2026-09-13 10:40:48,366 INFO [88/88] 9_청소년: 수집 시작
2026-09-13 10:41:21,074 INFO 9_청소년: 문서 240건(손상 제외 0건), 고유단어 47990개, 32.4초 -> 9_청소년.json.gz
2026-09-13 10:41:21,076 INFO 수집 완료: 81개 카테고리
