2026-09-12 19:24:16,558 INFO [1/88] 1_동양고전: 수집 시작
2026-09-12 19:24:46,629 INFO 1_동양고전: 문서 238건, 고유단어 86639개, 29.4초 -> 1_동양고전.json.gz
2026-09-12 19:24:46,633 INFO [2/88] 1_동양고전한문: 수집 시작
2026-09-12 19:24:49,968 INFO 1_동양고전한문: 문서 82건, 고유단어 102409개, 2.1초 -> 1_동양고전한문.json.gz
2026-09-12 19:24:49,974 INFO [3/88] 1_문헌서지: 수집 시작
2026-09-12 19:24:49,975 INFO 1_문헌서지: 파일 0건 < 최소 20건, 건너뜀
2026-09-12 19:24:49,975 INFO [4/88] 1_서양고전: 수집 시작
2026-09-12 19:25:24,870 INFO 1_서양고전: 문서 225건, 고유단어 46968개, 34.4초 -> 1_서양고전.json.gz
2026-09-12 19:25:24,875 INFO [5/88] 1_올재: 수집 시작
2026-09-12 19:25:24,877 INFO 1_올재: 파일 0건 < 최소 20건, 건너뜀
2026-09-12 19:25:24,878 INFO [6/88] 1_한국고전국역총서: 수집 시작
2026-09-12 19:25:24,895 INFO 1_한국고전국역총서: 파일 0건 < 최소 20건, 건너뜀
2026-09-12 19:25:24,896 INFO [7/88] 2_동서문화사월드북: 수집 시작
2026-09-12 19:25:38,817 INFO 2_동서문화사월드북: 문서 87건, 고유단어 33616개, 13.5초 -> 2_동서문화사월드북.json.gz
2026-09-12 19:25:38,820 INFO [8/88] 2_문예세계문학선: 수집 시작
2026-09-12 19:26:06,420 INFO 2_문예세계문학선: 문서 209건, 고유단어 21766개, 27.5초 -> 2_문예세계문학선.json.gz
2026-09-12 19:26:06,422 INFO [9/88] 2_문학일반서평작법독서: 수집 시작
2026-09-12 19:26:48,045 INFO 2_문학일반서평작법독서: 문서 240건, 고유단어 59108개, 41.0초 -> 2_문학일반서평작법독서.json.gz
2026-09-12 19:26:48,049 INFO [10/88] 2_소설Abe전집: 수집 시작
2026-09-12 19:26:57,775 INFO 2_소설Abe전집: 문서 212건, 고유단어 13161개, 4.2초 -> 2_소설Abe전집.json.gz
2026-09-12 19:26:57,805 INFO [11/88] 2_소설역사: 수집 시작
2026-09-12 19:27:33,806 INFO 2_소설역사: 문서 240건, 고유단어 63469개, 35.1초 -> 2_소설역사.json.gz
2026-09-12 19:27:33,813 INFO [12/88] 2_소설외국: 수집 시작
2026-09-12 19:28:12,925 INFO 2_소설외국: 문서 240건, 고유단어 50950개, 37.6초 -> 2_소설외국.json.gz
2026-09-12 19:28:12,934 INFO [13/88] 2_소설일본: 수집 시작
2026-09-12 19:28:52,564 INFO 2_소설일본: 문서 239건, 고유단어 41605개, 39.0초 -> 2_소설일본.json.gz
2026-09-12 19:28:52,569 INFO [14/88] 2_소설일본게이고: 수집 시작
